// Jest Snapshot v1, https://goo.gl/fbAQLP

exports[`renders correctly 1`] = `
<svg
  aria-hidden="true"
  className="sc-bdVaJa ijurAl"
  height="16"
  width="14"
>
  <path
    d="M9.5 3L8 4.5 11.5 8 8 11.5 9.5 13 14 8 9.5 3zm-5 0L0 8l4.5 5L6 11.5 2.5 8 6 4.5 4.5 3z"
    fillRule="evenodd"
  />
</svg>
`;
